RPTSCHED
   RESTART=2 /


GRUPTREE 
   'OP'     'FIELD'  /
   'WI'     'FIELD'  /
/

WELSPECS 
     'OP_1'        'OP'   30   37  1*       'OIL'  7* /
     'OP_2'        'OP'   20   51  1*       'OIL'  7* /
     'OP_3'        'OP'   31   18  1*       'OIL'  7* /
/


COMPDAT 
-- WELL        I    J    K1  K2            Sat.        CF       DIAM        KH SKIN ND        DIR   Ro 
     'OP_1'   30   37    1    1      'OPEN'  1*     32.948      0.311   3047.839  2*         'X'     22.100 /
     'OP_1'   30   37    2    2      'OPEN'  1*     46.825      0.311   4332.346  2*         'X'     22.123 /
     'OP_1'   30   37    3    3      'OPEN'  1*     51.867      0.311   4799.764  2*         'X'     22.143 /
     'OP_1'   30   37    4    4      'OPEN'  1*     34.243      0.311   3169.482  2*         'X'     22.166 /
     'OP_1'   31   37    4    4      'OPEN'  1*      8.988      0.311    832.457  2*         'X'     22.236 /
     'OP_1'   31   37    5    5      'OPEN'  1*     36.435      0.311   3375.309  2*         'X'     22.262 /
     'OP_1'   31   37    6    6      'OPEN'  1*     39.630      0.311   3672.067  2*         'X'     22.283 /
     'OP_1'   31   37    7    7      'OPEN'  1*     33.975      0.311   3148.671  2*         'X'     22.307 /
     'OP_1'   31   37    8    8      'OPEN'  1*     24.869      0.311   2305.242  2*         'X'     22.329 /
     'OP_1'   31   37    9    9      'OPEN'  1*     38.301      0.311   3551.043  2*         'X'     22.351 /
     'OP_1'   31   37   10   10      'OPEN'  1*      6.642      0.311    615.914  2*         'X'     22.372 /
     'OP_1'   31   37   11   11      'OPEN'  1*      1.322      0.311    122.614  2*         'X'     22.396 /
     'OP_1'   31   37   12   12      'OPEN'  1*      3.797      0.311    352.293  2*         'X'     22.418 /
     'OP_1'   31   37   13   13      'OPEN'  1*     14.742      0.311   1367.872  2*         'X'     22.439 /
     'OP_1'   31   37   14   14      'OPEN'  1*     19.731      0.311   1831.202  2*         'X'     22.463 /
     'OP_2'   20   51    1    1      'OPEN'  1*      1.168      0.311    107.872  2*         'Y'     21.925 /
     'OP_2'   20   51    2    2      'OPEN'  1*     15.071      0.311   1391.859  2*         'Y'     21.920 /
     'OP_2'   20   51    3    3      'OPEN'  1*      6.242      0.311    576.458  2*         'Y'     21.915 /
     'OP_2'   20   51    4    4      'OPEN'  1*     16.493      0.311   1522.982  2*         'Y'     21.908 /
     'OP_2'   20   51    5    5      'OPEN'  1*      7.359      0.311    679.489  2*         'Y'     21.903 /
     'OP_3'   31   18    1    1      'OPEN'  1*     27.412      0.311   2445.337  2*         'Y'     18.521 /
     'OP_3'   31   18    2    2      'OPEN'  1*     55.195      0.311   4923.842  2*         'Y'     18.524 /
     'OP_3'   31   18    3    3      'OPEN'  1*     18.032      0.311   1608.615  2*         'Y'     18.526 /
     'OP_3'   31   17    3    3      'OPEN'  1*     56.817      0.311   5047.177  2*         'Y'     18.155 /
     'OP_3'   31   17    4    4      'OPEN'  1*      4.728      0.311    420.067  2*         'Y'     18.162 /
/



WCONHIST
--OP_1  OPEN RESV   7917.120      2.475    1447950 /
  OP_1  OPEN RESV   7358.400 185867.531    1447977 /
--OP_2  OPEN RESV   7469.880      2.198    1352680 /
  OP_2  OPEN RESV   7478.655  83830.805    1352687 /
--OP_3  OPEN RESV   8107.700      1.646    1455850 /
  OP_3  OPEN RESV   7519.820  62723.355    1455856 /
/

WEFAC
  OP_1 1 /
  OP_2 1 /
  OP_3 1 /
/

DATES
  1 'FEB' 2000 /
/



WELSPECS 
     'WI_1'        'WI'   15   28  1*       'WATER'  7* /
/

COMPDAT 
-- WELL        I    J    K1  K2            Sat.        CF       DIAM        KH SKIN ND        DIR   Ro 
     'WI_1'   15   28    1    1      'OPEN'  1*      5.909      0.311    563.885  2*         'Z'     25.854 /
     'WI_1'   15   28    2    2      'OPEN'  1*      4.847      0.311    462.523  2*         'Z'     25.838 /
     'WI_1'   15   28    3    3      'OPEN'  1*      0.667      0.311     63.667  2*         'Z'     25.825 /
     'WI_1'   15   28    4    4      'OPEN'  1*      6.223      0.311    593.705  2*         'Z'     25.810 /
     'WI_1'   15   28    5    5      'OPEN'  1*      3.189      0.311    304.229  2*         'Z'     25.794 /
     'WI_1'   15   28    6    6      'OPEN'  1*      0.157      0.311     14.955  2*         'Z'     25.785 /
     'WI_1'   15   28    8    8      'OPEN'  1*      0.364      0.311     34.694  2*         'Z'     25.753 /
     'WI_1'   15   28    9    9      'OPEN'  1*      4.948      0.311    471.758  2*         'Z'     25.740 /
     'WI_1'   15   28   10   10      'OPEN'  1*      5.721      0.311    545.448  2*         'Z'     25.726 /
     'WI_1'   15   28   11   11      'OPEN'  1*     21.704      0.311   2069.027  2*         'Z'     25.711 /
     'WI_1'   15   28   12   12      'OPEN'  1*     26.860      0.311   2560.268  2*         'Z'     25.697 /
     'WI_1'   15   28   13   13      'OPEN'  1*     17.598      0.311   1677.218  2*         'Z'     25.682 /
     'WI_1'   15   28   14   14      'OPEN'  1*      0.391      0.311     37.238  2*         'Z'     25.672 /
/

WRFTPLT
 WI_1 YES /
/




WCONHIST
--OP_1  OPEN RESV   7910.730      4.151    1361420 /
  OP_1  OPEN RESV   7383.330 145855.844    1361447 /
--OP_2  OPEN RESV   6868.540      2.334    1219360 /
  OP_2  OPEN RESV   6918.797  71382.664    1219368 /
--OP_3  OPEN RESV   8119.200      1.039    1394940 /
  OP_3  OPEN RESV   7533.740  52304.961    1394944 /
/

WCONINJH
   WI_1 WATER OPEN      0.00 /
/

WEFAC
  WI_1 1 /
  OP_1 1 /
  OP_2 1 /
  OP_3 1 /
/

DATES
  1 'MAR' 2000 /
/


WCONHIST
--OP_1  OPEN RESV   7894.580      4.836    1314440 /
  OP_1  OPEN RESV   7389.860 108765.164    1314465 /
--OP_2  OPEN RESV   6622.890      2.130    1156170 /
  OP_2  OPEN RESV   6698.454  60908.871    1156178 /
--OP_3  OPEN RESV   8028.360      0.719    1337960 /
  OP_3  OPEN RESV   7488.150  42665.281    1337962 /
/

WCONINJH
   WI_1 WATER OPEN  14863.80 /
/

WEFAC
  WI_1 0.548387 /
  OP_1 1 /
  OP_2 1 /
  OP_3 0.903226 /
/

DATES
  1 'APR' 2000 /
/

WCONHIST
--OP_1  OPEN RESV   7931.700      5.560    1323860 /
  OP_1  OPEN RESV   7438.590  74795.438    1323883 /
--OP_2  OPEN RESV   6444.020      1.831    1098780 /
  OP_2  OPEN RESV   6526.011  50270.168    1098788 /
--OP_3  OPEN RESV   8033.680      0.170    1334720 /
  OP_3  OPEN RESV   7564.010  33586.832    1334720 /
/

WCONINJH
   WI_1 WATER OPEN  14333.90 /
/

WEFAC
  WI_1 0.533333 /
  OP_1 1 /
  OP_2 1 /
  OP_3 0.633333 /
/

DATES
  1 'MAY' 2000 /
/

WCONHIST
--OP_1  OPEN RESV   7923.940      6.261    1482120 /
  OP_1  OPEN RESV   7442.440  44710.738    1482139 /
--OP_2  OPEN RESV   6449.530      1.335    1082640 /
  OP_2  OPEN RESV   6521.636  42572.664    1082648 /
--OP_3  OPEN RESV   7958.270      0.341    1325000 /
  OP_3  OPEN RESV   7583.780  21504.658    1324997 /
/

WCONINJH
   WI_1 WATER OPEN  13994.20 /
/

WEFAC
  WI_1 1 /
  OP_1 1 /
  OP_2 0.548387 /
  OP_3 1 /

/

DATES
  1 'JUN' 2000 /
/


WELSPECS 
     'WI_2'        'WI'   33   54  1*       'WATER'  7* /
/

COMPDAT 
-- WELL        I    J    K1  K2            Sat.        CF       DIAM        KH SKIN ND        DIR   Ro 
     'WI_2'   33   54    1    1      'OPEN'  1*     21.653      0.311   1907.732  2*         'Y'     17.458 /
     'WI_2'   33   55    1    1      'OPEN'  1*     29.166      0.311   2557.130  2*         'Y'     17.063 /
     'WI_2'   33   55    2    2      'OPEN'  1*     62.350      0.311   5467.790  2*         'Y'     17.081 /
     'WI_2'   33   55    3    3      'OPEN'  1*     53.736      0.311   4713.503  2*         'Y'     17.100 /
     'WI_2'   33   55    4    4      'OPEN'  1*     29.247      0.311   2565.989  2*         'Y'     17.117 /
     'WI_2'   33   55    5    5      'OPEN'  1*     58.798      0.311   5159.877  2*         'Y'     17.136 /
     'WI_2'   33   55    6    6      'OPEN'  1*     69.803      0.311   6126.899  2*         'Y'     17.154 /
     'WI_2'   33   55    7    7      'OPEN'  1*     56.547      0.311   4964.561  2*         'Y'     17.172 /
     'WI_2'   33   55    8    8      'OPEN'  1*     42.880      0.311   3765.444  2*         'Y'     17.190 /
     'WI_2'   33   55    9    9      'OPEN'  1*     42.339      0.311   3718.758  2*         'Y'     17.208 /
     'WI_2'   33   55   10   10      'OPEN'  1*     21.881      0.311   1922.350  2*         'Y'     17.226 /
     'WI_2'   33   55   11   11      'OPEN'  1*     28.091      0.311   2468.439  2*         'Y'     17.244 /
     'WI_2'   33   55   12   12      'OPEN'  1*     21.884      0.311   1923.397  2*         'Y'     17.262 /
     'WI_2'   33   55   13   13      'OPEN'  1*     17.321      0.311   1522.701  2*         'Y'     17.280 /
/

WRFTPLT
 WI_2 YES /
/





WCONHIST
--OP_1  OPEN RESV   6446.180      5.812    1672030 /
  OP_1  OPEN RESV   6067.170   9044.188    1672046 /
--OP_2  OPEN RESV   6383.980      1.178    1083290 /
  OP_2  OPEN RESV   6430.128  38030.824    1083298 /
--OP_3  OPEN RESV   8028.360      0.454    1402570 /
  OP_3  OPEN RESV   7748.980   5929.646    1402565 /
/

WCONINJH
   WI_1 WATER OPEN  15735.80 /
   WI_2 WATER OPEN      0.00 /
/

WEFAC
  WI_1 0.533333 /
  WI_2 1 /
  OP_1 1 /
  OP_2 1 /
  OP_3 0.933333 /
/

DATES
  1 'JLY' 2000 /
/

WCONHIST
--OP_1  OPEN RESV   5081.160      4.884    1595420 /
  OP_1  OPEN RESV   4800.540  26624.885    1595433 /
--OP_2  OPEN RESV   6181.080      1.148    1055630 /
  OP_2  OPEN RESV   6191.220  36588.852    1055638 /
--OP_3  OPEN RESV   7937.740      0.440    1474430 /
  OP_3  OPEN RESV   7753.280  16509.439    1474424 /
/

WCONINJH
   WI_1 WATER OPEN  15884.30 /
   WI_2 WATER OPEN  19336.70 /
/

WEFAC
  WI_1 0.0967742 /
  WI_2 0.903226 /
  OP_1 1 /
  OP_2 0.903226 /
  OP_3 1 /
/

DATES
  1 'AUG' 2000 /
/

WCONHIST
--OP_1  OPEN RESV   5265.770      4.974    1590700 /
  OP_1  OPEN RESV   5007.050  56796.973    1590710 /
--OP_2  OPEN RESV   6229.820      0.738    1039480 /
  OP_2  OPEN RESV   6200.713  40555.262    1039487 /
--OP_3  OPEN RESV   7405.780      0.442    1549550 /
  OP_3  OPEN RESV   7305.230  45825.441    1549544 /
/

WCONINJH
   WI_1 WATER OPEN  15800.60 /
   WI_2 WATER OPEN  20206.80 /
/

WEFAC
  WI_1 0.806452 /
  WI_2 0.645161 /
  OP_1 1 /
  OP_2 0.645161 /
  OP_3 1 /
/

DATES
  1 'SEP' 2000 /
/

WCONHIST
--OP_1  OPEN RESV   6537.110      6.014    1559250 /
  OP_1  OPEN RESV   6276.170  80545.016    1559257 /
--OP_2  OPEN RESV   5983.360      0.889    1040000 /
  OP_2  OPEN RESV   5918.690  50434.109    1040007 /
--OP_3  OPEN RESV   7141.440      0.409    1614770 /
  OP_3  OPEN RESV   7093.952  79682.406    1614765 /
/

WCONINJH
   WI_1 WATER OPEN  20384.90 /
   WI_2 WATER OPEN  16918.10 /
/

WEFAC
  WI_1 0.266667 /
  WI_2 1 /
  OP_1 1 /
  OP_2 1 /
  OP_3 1 /
/

DATES
  1 'OCT' 2000 /
/

WCONHIST
--OP_1  OPEN RESV   7723.730      7.155    1599720 /
  OP_1  OPEN RESV   7511.520 103357.156    1599725 /
--OP_2  OPEN RESV   5802.480      0.909    1075390 /
  OP_2  OPEN RESV   5709.522  67525.094    1075398 /
--OP_3  OPEN RESV   6526.560      0.290    1592810 /
  OP_3  OPEN RESV   6507.832 108280.289    1592807 /
/

WCONINJH
   WI_1 WATER OPEN  15521.00 /
   WI_2 WATER OPEN  19146.60 /
/

WEFAC
  WI_1 1 /
  WI_2 0.548387 /
  OP_1 1 /
  OP_2 1 /
  OP_3 1 /
/

DATES
  1 'NOV' 2000 /
/

WCONHIST
--OP_1  OPEN RESV   8172.010      7.468    1398030 /
  OP_1  OPEN RESV   8072.519 104007.469    1398033 /
--OP_2  OPEN RESV   5599.810      0.840    1114320 /
  OP_2  OPEN RESV   5488.790  90356.164    1114328 /
--OP_3  OPEN RESV   6273.340      0.227    1567410 /
  OP_3  OPEN RESV   6259.984 129520.227    1567409 /
/

WCONINJH
   WI_1 WATER OPEN  13938.60 /
   WI_2 WATER OPEN  15425.10 /
/

WEFAC
  WI_1 1 /
  WI_2 1 /
  OP_1 0.533333 /
  OP_2 1 /
  OP_3 1 /
/

DATES
  1 'DEC' 2000 /
/

WCONHIST
--OP_1  OPEN RESV   8066.500      6.884    1376890 /
  OP_1  OPEN RESV   8108.770 110916.883    1376892 /
--OP_2  OPEN RESV   5371.030      0.765    1162830 /
  OP_2  OPEN RESV   5252.480 118719.234    1162838 /
--OP_3  OPEN RESV   6165.680      0.215    1529360 /
  OP_3  OPEN RESV   6142.182 139330.219    1529361 /
/

WCONINJH
   WI_1 WATER OPEN  16236.50 /
   WI_2 WATER OPEN  16397.70 /
/

WEFAC
  WI_1 0.548387 /
  WI_2 1 /
  OP_1 1 /
  OP_2 0.935484 /
  OP_3 1 /
/

DATES
  1 'JAN' 2001 /
/


WELSPECS 
     'OP_4'        'OP'   20   37  1*       'OIL'  7* /
     'OP_5'        'OP'   27   29  1*       'OIL'  7* /
/

COMPDAT 
-- WELL        I    J    K1  K2            Sat.        CF       DIAM        KH SKIN ND        DIR   Ro 
     'OP_4'   20   37    1    1      'OPEN'  1*      8.163      0.311    795.338  2*         'Z'     28.779 /
     'OP_4'   20   37    2    2      'OPEN'  1*      7.916      0.311    771.108  2*         'Z'     28.747 /
     'OP_4'   20   37    3    3      'OPEN'  1*     10.755      0.311   1047.473  2*         'Z'     28.714 /
     'OP_4'   20   37    4    4      'OPEN'  1*     21.207      0.311   2064.890  2*         'Z'     28.680 /
     'OP_4'   20   37    5    5      'OPEN'  1*     26.941      0.311   2622.591  2*         'Z'     28.648 /
     'OP_4'   20   37    6    6      'OPEN'  1*     11.968      0.311   1164.811  2*         'Z'     28.615 /
     'OP_4'   20   37    7    7      'OPEN'  1*     16.366      0.311   1592.462  2*         'Z'     28.582 /
     'OP_5'   27   29    1    1      'OPEN'  1*     58.626      0.311   5516.231  2*         'Z'     24.063 /
     'OP_5'   27   29    2    2      'OPEN'  1*     55.544      0.311   5226.470  2*         'Z'     24.068 /
     'OP_5'   27   29    3    3      'OPEN'  1*     50.324      0.311   4735.625  2*         'Z'     24.077 /
     'OP_5'   27   29    4    4      'OPEN'  1*     44.385      0.311   4177.145  2*         'Z'     24.088 /
     'OP_5'   27   29    5    5      'OPEN'  1*     24.270      0.311   2284.220  2*         'Z'     24.095 /
     'OP_5'   27   29    6    6      'OPEN'  1*      8.814      0.311    829.641  2*         'Z'     24.105 /
/

WRFTPLT
 OP_4 YES /
 OP_5 YES /
/






WCONHIST
--OP_1  OPEN RESV   7945.610      6.806    1349920 /
  OP_1  OPEN RESV   8134.070 111456.805    1349920 /
--OP_2  OPEN RESV   5260.900      0.566    1210520 /
  OP_2  OPEN RESV   5140.110 150339.438    1210528 /
--OP_3  OPEN RESV   6309.040      0.285    1603470 /
  OP_3  OPEN RESV   6264.780 148040.281    1603472 /
--OP_4  OPEN RESV   8127.730      1.609    1370230 /
  OP_4  OPEN RESV   7480.510  21965.609    1370218 /
--OP_5  OPEN RESV   4355.450      1.473    1614930 /
  OP_5  OPEN RESV   4117.640  21157.527    1614932 /
/

WCONINJH
   WI_1 WATER OPEN  17220.70 /
   WI_2 WATER OPEN  15430.60 /
/

WEFAC
  WI_1 1 /
  WI_2 1 /
  OP_1 1 /
  OP_2 0.548387 /
  OP_3 0.903226 /
  OP_4 0.548387 /
  OP_5 1 /
/

DATES
  1 'FEB' 2001 /
/

WCONHIST
--OP_1  OPEN RESV   8063.580      7.123    1371070 /
  OP_1  OPEN RESV   8401.460 110027.125    1371069 /
--OP_2  OPEN RESV   5310.800      0.474    1185950 /
  OP_2  OPEN RESV   5188.480 172919.531    1185958 /
--OP_3  OPEN RESV   6251.470      0.117    1627020 /
  OP_3  OPEN RESV   6183.558 140510.109    1627023 /
--OP_4  OPEN RESV   7952.600      5.373    1334370 /
  OP_4  OPEN RESV   7418.750  44741.375    1334357 /
--OP_5  OPEN RESV   1929.310      0.729    1582510 /
  OP_5  OPEN RESV   1820.320  25823.271    1582512 /
/

WCONINJH
   WI_1 WATER OPEN  19878.90 /
   WI_2 WATER OPEN  16599.70 /
/

WEFAC
  WI_1 1 /
  WI_2 0.5 /
  OP_1 1 /
  OP_2 1 /
  OP_3 0.607143 /
  OP_4 1 /
  OP_5 1 /
/



DATES
 1 'MAR' 2001 /
/



WELSPECS 
     'WI_3'        'WI'   18   57  1*       'WATER'  7* /
/

COMPDAT 
-- WELL        I    J    K1  K2            Sat.        CF       DIAM        KH SKIN ND        DIR   Ro 
     'WI_3'   18   57    1    1      'OPEN'  1*      4.934      0.311    439.630  2*         'Y'     18.425 /
     'WI_3'   18   57    2    2      'OPEN'  1*      6.916      0.311    616.161  2*         'Y'     18.412 /
     'WI_3'   18   57    3    3      'OPEN'  1*     24.377      0.311   2171.549  2*         'Y'     18.399 /
     'WI_3'   18   58    1    1      'OPEN'  1*      6.546      0.311    589.871  2*         'Y'     19.446 /
     'WI_3'   18   58    2    2      'OPEN'  1*     19.103      0.311   1721.809  2*         'Y'     19.464 /
     'WI_3'   18   58    3    3      'OPEN'  1*     40.975      0.311   3693.960  2*         'Y'     19.483 /
     'WI_3'   18   58    4    4      'OPEN'  1*     55.003      0.311   4959.543  2*         'Y'     19.501 /
     'WI_3'   18   58    5    5      'OPEN'  1*     56.811      0.311   5123.636  2*         'Y'     19.521 /
     'WI_3'   18   58    6    6      'OPEN'  1*     43.942      0.311   3963.731  2*         'Y'     19.539 /
     'WI_3'   18   58    7    7      'OPEN'  1*     40.040      0.311   3612.526  2*         'Y'     19.559 /
     'WI_3'   18   58    8    8      'OPEN'  1*     33.836      0.311   3053.396  2*         'Y'     19.578 /
     'WI_3'   18   58    9    9      'OPEN'  1*     32.345      0.311   2919.427  2*         'Y'     19.597 /
     'WI_3'   18   58   10   10      'OPEN'  1*     28.510      0.311   2573.795  2*         'Y'     19.616 /
     'WI_3'   18   58   11   11      'OPEN'  1*     30.111      0.311   2718.973  2*         'Y'     19.636 /
     'WI_3'   18   58   12   12      'OPEN'  1*      5.955      0.311    537.842  2*         'Y'     19.657 /
/

WRFTPLT
 WI_3 YES /
/




WCONHIST
--OP_1  OPEN RESV   7945.610      7.817    1350440 /
  OP_1  OPEN RESV   8407.820 100057.820    1350438 /
--OP_2  OPEN RESV   5198.530      0.489    1163340 /
  OP_2  OPEN RESV   5078.590 192849.516    1163346 /
--OP_3  OPEN RESV   5668.290      0.302    1623700 /
  OP_3  OPEN RESV   5585.141 120370.305    1623703 /
--OP_4  OPEN RESV   7975.780     11.650    1328570 /
  OP_4  OPEN RESV   7542.550  71817.648    1328557 /
--OP_5  OPEN RESV   1528.980      0.482    1621440 /
  OP_5  OPEN RESV   1440.173  22564.518    1621441 /
/

WCONINJH
   WI_1 WATER OPEN  17683.10 /
   WI_2 WATER OPEN  16046.10 /
   WI_3 WATER OPEN      0.00 /
/

WEFAC
  WI_1 1 /
  WI_2 1 /
  WI_3 1 /
  OP_1 1 /
  OP_2 0.548387 /
  OP_3 0.903226 /
  OP_4 0.548387 /
  OP_5 1 /
/

DATES
  1 'APR' 2001 /
/

WCONHIST
--OP_1  OPEN RESV   7977.420     10.099    1335120 /
  OP_1  OPEN RESV   8543.140  87200.102    1335118 /
--OP_2  OPEN RESV   5523.550      0.146    1123440 /
  OP_2  OPEN RESV   5391.330 206069.859    1123445 /
--OP_3  OPEN RESV   4874.930      0.258    1681890 /
  OP_3  OPEN RESV   4787.495  96538.258    1681893 /
--OP_4  OPEN RESV   7763.770     60.945    1291600 /
  OP_4  OPEN RESV   7440.560  96788.945    1291587 /
--OP_5  OPEN RESV   1566.120      0.437    1593270 /
  OP_5  OPEN RESV   1474.087   9921.464    1593269 /
/

WCONINJH
   WI_1 WATER OPEN  19254.00 /
   WI_2 WATER OPEN  13633.50 /
   WI_3 WATER OPEN  21056.00 /
/

WEFAC
  WI_1 1 /
  WI_2 0.933333 /
  WI_3 1 /
  OP_1 1 /
  OP_2 1 /
  OP_3 1 /
  OP_4 0.533333 /
  OP_5 1 /
/

DATES
  1 'MAY' 2001 /
/

WCONHIST
--OP_1  OPEN RESV   7979.450     17.104    1366870 /
  OP_1  OPEN RESV   8609.170  75950.102    1366868 /
--OP_2  OPEN RESV   5964.060      0.000    1082910 /
  OP_2  OPEN RESV   5806.670 214710.000    1082910 /
--OP_3  OPEN RESV   3791.870      0.172    1537150 /
  OP_3  OPEN RESV   3714.911  59596.172    1537152 /
--OP_4  OPEN RESV   6824.610    521.024    1164690 /
  OP_4  OPEN RESV   6625.850 108831.023    1164619 /
--OP_5  OPEN RESV   1958.410      0.531    1626810 /
  OP_5  OPEN RESV   1845.030   9172.031    1626808 /
/

WCONINJH
   WI_1 WATER OPEN  18521.00 /
   WI_2 WATER OPEN  14674.60 /
   WI_3 WATER OPEN  20107.80 /
/

WEFAC
  WI_1 1 /
  WI_2 0.612903 /
  WI_3 0.83871 /
  OP_1 1 /
  OP_2 1 /
  OP_3 1 /
  OP_4 1 /
  OP_5 1 /
/

DATES
  1 'JUN' 2001 /
/

WCONHIST
--OP_1  OPEN RESV   8054.400     33.219    1350450 /
  OP_1  OPEN RESV   8711.880  63021.219    1350449 /
--OP_2  OPEN RESV   6017.240      0.042    1060180 /
  OP_2  OPEN RESV   5831.070 222219.953    1060180 /
--OP_3  OPEN RESV   3661.170      0.203    1619670 /
  OP_3  OPEN RESV   3582.488  34833.203    1619671 /
--OP_4  OPEN RESV   5968.930   1028.960    1052700 /
  OP_4  OPEN RESV   5868.860 112458.961    1052556 /
--OP_5  OPEN RESV   2161.800      0.435    1630300 /
  OP_5  OPEN RESV   2042.750  32485.436    1630298 /
/

WCONINJH
   WI_1 WATER OPEN  17085.80 /
   WI_2 WATER OPEN  13447.80 /
   WI_3 WATER OPEN  19374.80 /
/

WEFAC
  WI_1 1 /
  WI_2 1 /
  WI_3 0.7 /
  OP_1 1 /
  OP_2 1 /
  OP_3 1 /
  OP_4 1 /
  OP_5 0.533333 /
/

DATES
  1 'JLY' 2001 /
/

WCONHIST
--OP_1  OPEN RESV   8002.740     67.968    1333510 /
  OP_1  OPEN RESV   8635.790  53653.969    1333511 /
--OP_2  OPEN RESV   6267.260      0.551    1074980 /
  OP_2  OPEN RESV   6030.570 232699.453    1074978 /
--OP_3  OPEN RESV   3636.510      0.198    1635040 /
  OP_3  OPEN RESV   3558.749  14589.198    1635040 /
--OP_4  OPEN RESV   5332.310   1509.970     940225 /
  OP_4  OPEN RESV   5307.234 106669.969     940007 /
--OP_5  OPEN RESV   3074.570      0.604    1585340 /
  OP_5  OPEN RESV   2919.980  54747.605    1585337 /
/

WCONINJH
   WI_1 WATER OPEN  17930.60 /
   WI_2 WATER OPEN  13512.90 /
   WI_3 WATER OPEN  20795.00 /
/

WEFAC
  WI_1 1 /
  WI_2 1 /
  WI_3 1 /
  OP_1 1 /
  OP_2 1 /
  OP_3 0.677419 /
  OP_4 1 /
  OP_5 1 /
/

DATES
  1 'AUG' 2001 /
/

WCONHIST
--OP_1  OPEN RESV   8055.700    123.217    1345930 /
  OP_1  OPEN RESV   8633.950  50225.219    1345934 /
--OP_2  OPEN RESV   6312.590      2.889    1093660 /
  OP_2  OPEN RESV   6017.770 238167.109    1093656 /
--OP_3  OPEN RESV   4087.920      0.024    1627730 /
  OP_3  OPEN RESV   4006.408   5930.424    1627729 /
--OP_4  OPEN RESV   4850.840   1903.140     837043 /
  OP_4  OPEN RESV   4882.857  93968.141     836764 /
--OP_5  OPEN RESV   2785.760      0.680    1540800 /
  OP_5  OPEN RESV   2663.630  73199.680    1540798 /
/

WCONINJH
   WI_1 WATER OPEN  16523.40 /
   WI_2 WATER OPEN  14663.10 /
   WI_3 WATER OPEN  16693.80 /
/

WEFAC
  WI_1 1 /
  WI_2 1 /
  WI_3 0.548387 /
  OP_1 1 /
  OP_2 1 /
  OP_3 0.419355 /
  OP_4 0.580645 /
  OP_5 1 /
/

DATES
  1 'SEP' 2001 /
/

WCONHIST
--OP_1  OPEN RESV   8052.720    211.337    1347910 /
  OP_1  OPEN RESV   8538.740  51287.336    1347921 /
--OP_2  OPEN RESV   6349.190     13.031    1078360 /
  OP_2  OPEN RESV   5984.990 229236.969    1078355 /
--OP_3  OPEN RESV   4567.370      0.204    1571320 /
  OP_3  OPEN RESV   4488.965  11228.204    1571318 /
--OP_4  OPEN RESV   4468.450   2328.860     751861 /
  OP_4  OPEN RESV   4542.082  77286.859     751526 /
--OP_5  OPEN RESV   2958.740      0.726    1370640 /
  OP_5  OPEN RESV   2851.470  79055.727    1370638 /
/

WCONINJH
   WI_1 WATER OPEN  17674.00 /
   WI_2 WATER OPEN  13744.40 /
   WI_3 WATER OPEN  19408.80 /
/

WEFAC
  WI_1 1 /
  WI_2 1 /
  WI_3 1 /
  OP_1 1 /
  OP_2 1 /
  OP_3 1 /
  OP_4 0.966667 /
  OP_5 1 /
/

DATES
  1 'OCT' 2001 /
/

WCONHIST
--OP_1  OPEN RESV   7993.770    342.987    1348890 /
  OP_1  OPEN RESV   8359.780  55928.988    1348914 /
--OP_2  OPEN RESV   6407.660     50.117    1103550 /
  OP_2  OPEN RESV   5963.790 220979.875    1103546 /
--OP_3  OPEN RESV   4828.700      0.301    1480240 /
  OP_3  OPEN RESV   4765.727  29281.301    1480237 /
--OP_4  OPEN RESV   4099.250   2670.730     685228 /
  OP_4  OPEN RESV   4198.969  58071.730     684867 /
--OP_5  OPEN RESV   2823.790      0.380     904713 /
  OP_5  OPEN RESV   2744.420  58915.379     904713 /
/

WCONINJH
   WI_1 WATER OPEN  16067.90 /
   WI_2 WATER OPEN  13191.60 /
   WI_3 WATER OPEN  18310.10 /
/

WEFAC
  WI_1 1 /
  WI_2 1 /
  WI_3 1 /
  OP_1 1 /
  OP_2 1 /
  OP_3 1 /
  OP_4 0.548387 /
  OP_5 1 /
/

DATES
  1 'NOV' 2001 /
/

WCONHIST
--OP_1  OPEN RESV   7984.030    547.316    1347840 /
  OP_1  OPEN RESV   8218.240  61428.316    1347883 /
--OP_2  OPEN RESV   6299.910    150.203    1100690 /
  OP_2  OPEN RESV   5783.780 198609.797    1100686 /
--OP_3  OPEN RESV   4913.670      0.185    1409670 /
  OP_3  OPEN RESV   4876.839  57869.184    1409667 /
--OP_4  OPEN RESV   3611.710   3032.120     603509 /
  OP_4  OPEN RESV   3719.410  35762.121     603153 /
--OP_5  OPEN RESV   3553.780      0.139     690510 /
  OP_5  OPEN RESV   3482.548  49077.137     690511 /
/

WCONINJH
   WI_1 WATER OPEN  16565.50 /
   WI_2 WATER OPEN  14360.00 /
   WI_3 WATER OPEN  18710.40 /
/

WEFAC
  WI_1 1 /
  WI_2 1 /
  WI_3 0.8 /
  OP_1 1 /
  OP_2 1 /
  OP_3 0.533333 /
  OP_4 1 /
  OP_5 1 /
/

DATES
  1 'DEC' 2001 /
/

WCONHIST
--OP_1  OPEN RESV   7935.180    862.483    1353550 /
  OP_1  OPEN RESV   8034.030  64639.484    1353617 /
--OP_2  OPEN RESV   5784.420    270.182    1004010 /
  OP_2  OPEN RESV   5236.960 153829.812    1004007 /
--OP_3  OPEN RESV   5257.740      0.106    1205800 /
  OP_3  OPEN RESV   5255.391  84197.109    1205796 /
--OP_4  OPEN RESV   3354.050   3222.930     574949 /
  OP_4  OPEN RESV   3464.670  15981.930     574659 /
--OP_5  OPEN RESV   3835.130      0.050     619826 /
  OP_5  OPEN RESV   3786.145  47898.051     619829 /
/

WCONINJH
   WI_1 WATER OPEN  16280.30 /
   WI_2 WATER OPEN  13061.00 /
   WI_3 WATER OPEN  19584.70 /
/

WEFAC
  WI_1 0.548387 /
  WI_2 1 /
  WI_3 0.741935 /
  OP_1 1 /
  OP_2 0.709677 /
  OP_3 1 /
  OP_4 1 /
  OP_5 1 /
/

DATES
  1 'JAN' 2002 /
/

WCONHIST
--OP_1  OPEN RESV   7280.230   1430.680    1267030 /
  OP_1  OPEN RESV   7255.567  57685.680    1267125 /
--OP_2  OPEN RESV   6005.060    357.613    1063740 /
  OP_2  OPEN RESV   5366.120 126692.391    1063745 /
--OP_3  OPEN RESV   5607.530      0.072    1076540 /
  OP_3  OPEN RESV   5653.068 112310.070    1076536 /
--OP_4  OPEN RESV   3078.010   3365.470     520498 /
  OP_4  OPEN RESV   3182.990   2490.330     520315 /
--OP_5  OPEN RESV   3804.940      0.017     582371 /
  OP_5  OPEN RESV   3778.167  49555.016     582375 /
/

WCONINJH
   WI_1 WATER OPEN  16401.30 /
   WI_2 WATER OPEN  14036.00 /
   WI_3 WATER OPEN  18635.70 /
/

WEFAC
  WI_1 0.612903 /
  WI_2 0.548387 /
  WI_3 1 /
  OP_1 1 /
  OP_2 0.83871 /
  OP_3 0.548387 /
  OP_4 1 /
  OP_5 1 /
/

DATES
  1 'FEB' 2002 /
/

WCONHIST
--OP_1  OPEN RESV   6603.950   2119.840    1098030 /
  OP_1  OPEN RESV   6491.980  40957.840    1098127 /
--OP_2  OPEN RESV   5432.130    604.011     967091 /
  OP_2  OPEN RESV   4803.280  76449.992     967114 /
--OP_3  OPEN RESV   5777.750      0.046     924066 /
  OP_3  OPEN RESV   5882.180 131190.047     924061 /
--OP_4  OPEN RESV   2843.120   3447.110     481915 /
  OP_4  OPEN RESV   2938.877  16597.891     481868 /
--OP_5  OPEN RESV   3615.650      0.005     517958 /
  OP_5  OPEN RESV   3602.838  49156.004     517962 /
/

WCONINJH
   WI_1 WATER OPEN  17971.70 /
   WI_2 WATER OPEN  14442.00 /
   WI_3 WATER OPEN  19865.90 /
/

WEFAC
  WI_1 0.928571 /
  WI_2 1 /
  WI_3 1 /
  OP_1 1 /
  OP_2 1 /
  OP_3 1 /
  OP_4 1 /
  OP_5 1 /
/

DATES
  1 'MAR' 2002 /
/

WCONHIST
--OP_1  OPEN RESV   5851.930   2934.730     984051 /
  OP_1  OPEN RESV   5691.640  23214.730     984111 /
--OP_2  OPEN RESV   4886.030    757.740     866001 /
  OP_2  OPEN RESV   4294.230  30861.260     866043 /
--OP_3  OPEN RESV   5641.080      0.040     829254 /
  OP_3  OPEN RESV   5805.080 148690.047     829249 /
--OP_4  OPEN RESV   2649.190   3754.420     440595 /
  OP_4  OPEN RESV   2734.715  25238.580     440705 /
--OP_5  OPEN RESV   3878.920      0.003     521543 /
  OP_5  OPEN RESV   3867.742  55276.004     521547 /
/

WCONINJH
   WI_1 WATER OPEN  17640.00 /
   WI_2 WATER OPEN  14605.00 /
   WI_3 WATER OPEN  19131.60 /
/

WEFAC
  WI_1 1 /
  WI_2 1 /
  WI_3 0.548387 /
  OP_1 1 /
  OP_2 1 /
  OP_3 1 /
  OP_4 1 /
  OP_5 1 /
/

DATES
  1 'APR' 2002 /
/

WCONHIST
--OP_1  OPEN RESV   5249.990   3592.370     895381 /
  OP_1  OPEN RESV   5069.680   6563.070     895360 /
--OP_2  OPEN RESV   4609.230    920.572     812595 /
  OP_2  OPEN RESV   4050.780   6431.872     812654 /
--OP_3  OPEN RESV   5817.050      0.032     797670 /
  OP_3  OPEN RESV   6052.730 169480.031     797664 /
--OP_4  OPEN RESV   2566.310   3867.530     430985 /
  OP_4  OPEN RESV   2644.624  32000.471     431258 /
--OP_5  OPEN RESV   3861.570      0.002     512928 /
  OP_5  OPEN RESV   3840.577  59908.000     512931 /
/

WCONINJH
   WI_1 WATER OPEN  18045.80 /
   WI_2 WATER OPEN  12156.50 /
   WI_3 WATER OPEN  17809.00 /
/

WEFAC
  WI_1 0.533333 /
  WI_2 1 /
  WI_3 0.533333 /
  OP_1 1 /
  OP_2 1 /
  OP_3 1 /
  OP_4 1 /
  OP_5 1 /
/

DATES
  1 'MAY' 2002 /
/

WCONHIST
--OP_1  OPEN RESV   4760.790   4084.930     812471 /
  OP_1  OPEN RESV   4579.980   5633.771     812349 /
--OP_2  OPEN RESV   4251.300   1053.050     733731 /
  OP_2  OPEN RESV   3760.500  35397.051     733798 /
--OP_3  OPEN RESV   5879.120      0.019     793640 /
  OP_3  OPEN RESV   6182.080 188900.016     793632 /
--OP_4  OPEN RESV   2470.710   3786.220     407085 /
  OP_4  OPEN RESV   2542.121  34877.781     407494 /
--OP_5  OPEN RESV   3826.190      0.008     534494 /
  OP_5  OPEN RESV   3782.832  67116.008     534496 /
/

WCONINJH
   WI_1 WATER OPEN  13722.20 /
   WI_2 WATER OPEN  12441.80 /
   WI_3 WATER OPEN  15246.90 /
/

WEFAC
  WI_1 1 /
  WI_2 1 /
  WI_3 1 /
  OP_1 1 /
  OP_2 1 /
  OP_3 0.548387 /
  OP_4 1 /
  OP_5 0.806452 /
/

DATES
  1 'JUN' 2002 /
/

WCONHIST
--OP_1  OPEN RESV   4329.800   4518.670     743274 /
  OP_1  OPEN RESV   4161.520  11429.330     743054 /
--OP_2  OPEN RESV   4023.830   1255.920     698314 /
  OP_2  OPEN RESV   3602.530  57761.922     698382 /
--OP_3  OPEN RESV   6230.230      0.030     797147 /
  OP_3  OPEN RESV   6610.260 202320.031     797137 /
--OP_4  OPEN RESV   2329.100   3850.570     380646 /
  OP_4  OPEN RESV   2393.831  35288.430     381180 /
--OP_5  OPEN RESV   4246.840      0.064     525661 /
  OP_5  OPEN RESV   4160.302  68830.062     525661 /
/

WCONINJH
   WI_1 WATER OPEN  12541.50 /
   WI_2 WATER OPEN  12213.70 /
   WI_3 WATER OPEN  13935.00 /
/

WEFAC
  WI_1 1 /
  WI_2 1 /
  WI_3 1 /
  OP_1 1 /
  OP_2 0.733333 /
  OP_3 0.533333 /
  OP_4 1 /
  OP_5 0.733333 /
/

DATES
  1 'JLY' 2002 /
/

WCONHIST
--OP_1  OPEN RESV   3908.160   4873.910     673151 /
  OP_1  OPEN RESV   3760.400  10766.090     672855 /
--OP_2  OPEN RESV   4208.820   1303.850     746747 /
  OP_2  OPEN RESV   3827.940  81552.852     746796 /
--OP_3  OPEN RESV   6173.800      0.158     766258 /
  OP_3  OPEN RESV   6591.550 198520.156     766246 /
--OP_4  OPEN RESV   2283.930   3810.210     383654 /
  OP_4  OPEN RESV   2346.259  37779.789     384268 /
--OP_5  OPEN RESV   4095.840      0.305     475532 /
  OP_5  OPEN RESV   3964.700  62951.305     475531 /
/

WCONINJH
   WI_1 WATER OPEN  12200.40 /
   WI_2 WATER OPEN  11207.40 /
   WI_3 WATER OPEN  16373.00 /
/

WEFAC
  WI_1 0.548387 /
  WI_2 1 /
  WI_3 1 /
  OP_1 1 /
  OP_2 0.451613 /
  OP_3 1 /
  OP_4 1 /
  OP_5 1 /
/

DATES
  1 'AUG' 2002 /
/

WCONHIST
--OP_1  OPEN RESV   3632.410   5184.870     634291 /
  OP_1  OPEN RESV   3502.730   5620.130     633954 /
--OP_2  OPEN RESV   3887.550   1577.050     702533 /
  OP_2  OPEN RESV   3597.240  89679.047     702559 /
--OP_3  OPEN RESV   6011.280     10.543     734014 /
  OP_3  OPEN RESV   6434.590 186530.547     734000 /
--OP_4  OPEN RESV   2228.010   4011.970     365647 /
  OP_4  OPEN RESV   2288.747  37309.031     366341 /
--OP_5  OPEN RESV   4010.490      0.797     502893 /
  OP_5  OPEN RESV   3828.770  65541.797     502891 /
/

WCONINJH
   WI_1 WATER OPEN  15576.60 /
   WI_2 WATER OPEN  14158.90 /
   WI_3 WATER OPEN  16379.50 /
/

WEFAC
  WI_1 1 /
  WI_2 0.548387 /
  WI_3 1 /
  OP_1 1 /
  OP_2 0.903226 /
  OP_3 1 /
  OP_4 1 /
  OP_5 1 /
/

DATES
  1 'SEP' 2002 /
/

WCONHIST
--OP_1  OPEN RESV   3610.060   5253.500     624842 /
  OP_1  OPEN RESV   3489.480   2914.000     624515 /
--OP_2  OPEN RESV   3492.540   1676.020     619891 /
  OP_2  OPEN RESV   3287.200  84681.023     619878 /
--OP_3  OPEN RESV   5914.370     83.238     701440 /
  OP_3  OPEN RESV   6319.900 168253.234     701425 /
--OP_4  OPEN RESV   2202.170   4222.700     359911 /
  OP_4  OPEN RESV   2262.473  38094.301     360643 /
--OP_5  OPEN RESV   4375.160      1.114     500171 /
  OP_5  OPEN RESV   4117.300  63035.113     500168 /
/

WCONINJH
   WI_1 WATER OPEN  15072.90 /
   WI_2 WATER OPEN  13160.00 /
   WI_3 WATER OPEN  17443.80 /
/

WEFAC
  WI_1 1 /
  WI_2 1 /
  WI_3 0.533333 /
  OP_1 1 /
  OP_2 1 /
  OP_3 1 /
  OP_4 0.533333 /
  OP_5 0.533333 /
/

DATES
  1 'OCT' 2002 /
/

WCONHIST
--OP_1  OPEN RESV   3238.820   5698.980     553546 /
  OP_1  OPEN RESV   3136.310  13946.080     553240 /
--OP_2  OPEN RESV   3306.600   1844.170     587676 /
  OP_2  OPEN RESV   3161.540  79638.172     587615 /
--OP_3  OPEN RESV   5814.080    167.408     675947 /
  OP_3  OPEN RESV   6174.630 147067.406     675918 /
--OP_4  OPEN RESV   2128.560   4320.830     352334 /
  OP_4  OPEN RESV   2186.538  38926.172     353036 /
--OP_5  OPEN RESV   4310.850      3.093     468430 /
  OP_5  OPEN RESV   4003.860  56732.094     468426 /
/

WCONINJH
   WI_1 WATER OPEN  13626.00 /
   WI_2 WATER OPEN  12168.90 /
   WI_3 WATER OPEN  15140.00 /
/

WEFAC
  WI_1 1 /
  WI_2 1 /
  WI_3 1 /
  OP_1 1 /
  OP_2 1 /
  OP_3 0.387097 /
  OP_4 1 /
  OP_5 1 /
/

DATES
  1 'NOV' 2002 /
/

WCONHIST
--OP_1  OPEN RESV   2883.170   5937.920     501237 /
  OP_1  OPEN RESV   2793.913  24165.920     500989 /
--OP_2  OPEN RESV   3136.330   2010.000     558944 /
  OP_2  OPEN RESV   3040.940  69709.000     558826 /
--OP_3  OPEN RESV   6208.920    254.732     764528 /
  OP_3  OPEN RESV   6527.030 144594.734     764480 /
--OP_4  OPEN RESV   2092.540   4363.010     344042 /
  OP_4  OPEN RESV   2147.790  39930.992     344660 /
--OP_5  OPEN RESV   4148.190      6.309     493887 /
  OP_5  OPEN RESV   3815.760  57791.309     493882 /
/

WCONINJH
   WI_1 WATER OPEN  13168.30 /
   WI_2 WATER OPEN  13166.20 /
   WI_3 WATER OPEN  14631.40 /
/

WEFAC
  WI_1 1 /
  WI_2 1 /
  WI_3 1 /
  OP_1 1 /
  OP_2 1 /
  OP_3 0.7 /
  OP_4 1 /
  OP_5 0.766667 /
/

DATES
  1 'DEC' 2002 /
/

WCONHIST
--OP_1  OPEN RESV   2368.110   6363.860     433652 /
  OP_1  OPEN RESV   2293.477  31258.859     433468 /
--OP_2  OPEN RESV   3123.930   2040.650     561157 /
  OP_2  OPEN RESV   3065.974  59247.648     560987 /
--OP_3  OPEN RESV   5348.270    693.983     663105 /
  OP_3  OPEN RESV   5546.600 104793.984     662962 /
--OP_4  OPEN RESV   2023.780   4277.060     333931 /
  OP_4  OPEN RESV   2073.462  40888.941     334416 /
--OP_5  OPEN RESV   4293.840     11.398     451352 /
  OP_5  OPEN RESV   3935.240  51652.398     451347 /
/

WCONINJH
   WI_1 WATER OPEN   9536.94 /
   WI_2 WATER OPEN   9713.14 /
   WI_3 WATER OPEN  10596.60 /
/

WEFAC
  WI_1 1 /
  WI_2 1 /
  WI_3 1 /
  OP_1 0.548387 /
  OP_2 0.548387 /
  OP_3 1 /
  OP_4 0.677419 /
  OP_5 0.774194 /
/

DATES
  1 'JAN' 2003 /
/
